This is pdfTeX, Version 3.141592653-2.6-1.40.22 (TeX Live 2022/dev/Debian) (preloaded format=pdflatex 2024.11.24)  2 DEC 2024 01:13
entering extended mode
 restricted \write18 enabled.
 file:line:error style messages enabled.
 %&-line parsing enabled.
**"/mnt/c/Miguel/UAB/TERCER/LAB Termo/Repositori/reports/practica_Ia/practica_Ia.tex"
(/mnt/c/Miguel/UAB/TERCER/LAB Termo/Repositori/reports/practica_Ia/practica_Ia.tex
LaTeX2e <2021-11-15> patch level 1
L3 programming layer <2022-01-21> (/usr/share/texlive/texmf-dist/tex/latex/base/article.cls
Document Class: article 2021/10/04 v1.4n Standard LaTeX document class
(/usr/share/texlive/texmf-dist/tex/latex/base/size12.clo
File: size12.clo 2021/10/04 v1.4n Standard LaTeX file (size option)
)
\c@part=\count185
\c@section=\count186
\c@subsection=\count187
\c@subsubsection=\count188
\c@paragraph=\count189
\c@subparagraph=\count190
\c@figure=\count191
\c@table=\count192
\abovecaptionskip=\skip47
\belowcaptionskip=\skip48
\bibindent=\dimen138
) (/usr/share/texlive/texmf-dist/tex/latex/graphics/graphicx.sty
Package: graphicx 2021/09/16 v1.2d Enhanced LaTeX Graphics (DPC,SPQR)
 (/usr/share/texlive/texmf-dist/tex/latex/graphics/keyval.sty
Package: keyval 2014/10/28 v1.15 key=value parser (DPC)
\KV@toks@=\toks16
) (/usr/share/texlive/texmf-dist/tex/latex/graphics/graphics.sty
Package: graphics 2021/03/04 v1.4d Standard LaTeX Graphics (DPC,SPQR)
 (/usr/share/texlive/texmf-dist/tex/latex/graphics/trig.sty
Package: trig 2021/08/11 v1.11 sin cos tan (DPC)
) (/usr/share/texlive/texmf-dist/tex/latex/graphics-cfg/graphics.cfg
File: graphics.cfg 2016/06/04 v1.11 sample graphics configuration
)
Package graphics Info: Driver file: pdftex.def on input line 107.
 (/usr/share/texlive/texmf-dist/tex/latex/graphics-def/pdftex.def
File: pdftex.def 2020/10/05 v1.2a Graphics/color driver for pdftex
))
\Gin@req@height=\dimen139
\Gin@req@width=\dimen140
) (/usr/share/texlive/texmf-dist/tex/latex/cite/cite.sty
LaTeX Info: Redefining \cite on input line 302.
LaTeX Info: Redefining \nocite on input line 332.
Package: cite 2015/02/27  v 5.5
) (/usr/share/texlive/texmf-dist/tex/generic/babel/babel.sty
Package: babel 2022/01/26 3.70 The Babel package
\babel@savecnt=\count193
\U@D=\dimen141
\l@unhyphenated=\language3
 (/usr/share/texlive/texmf-dist/tex/generic/babel/txtbabel.def)
\bbl@readstream=\read2
\bbl@dirlevel=\count194


/usr/share/texlive/texmf-dist/tex/generic/babel/babel.sty:4254: Package babel Error: Unknown option 'catalan'. Either you misspelled it
(babel)                or the language definition file catalan.ldf was not found.

See the babel package documentation for explanation.
Type  H <return>  for immediate help.
 ...                                              
                                                  
l.4254 \ProcessOptions*
                       
Valid options are, among others: shorthands=, KeepShorthandsActive,
activeacute, activegrave, noconfigs, safe=, main=, math=
headfoot=, strings=, config=, hyphenmap=, or a language name.

Package babel Info: You haven't specified a language. I'll use 'nil'
(babel)             as the main language. Reported on input line 4299.
(/usr/share/texlive/texmf-dist/tex/generic/babel/nil.ldf
Language: nil 2022/01/26 3.70 Nil language
\l@nil=\language4
)) (/usr/share/texlive/texmf-dist/tex/latex/emptypage/emptypage.sty
Package: emptypage 2010/05/30 v1.2 Suppress page numbers and headings on empty pages
) (/usr/share/texlive/texmf-dist/tex/latex/hyperref/hyperref.sty
Package: hyperref 2021-06-07 v7.00m Hypertext links for LaTeX
 (/usr/share/texlive/texmf-dist/tex/generic/ltxcmds/ltxcmds.sty
Package: ltxcmds 2020-05-10 v1.25 LaTeX kernel commands for general use (HO)
) (/usr/share/texlive/texmf-dist/tex/generic/iftex/iftex.sty
Package: iftex 2020/03/06 v1.0d TeX engine tests
) (/usr/share/texlive/texmf-dist/tex/generic/pdftexcmds/pdftexcmds.sty
Package: pdftexcmds 2020-06-27 v0.33 Utility functions of pdfTeX for LuaTeX (HO)
 (/usr/share/texlive/texmf-dist/tex/generic/infwarerr/infwarerr.sty
Package: infwarerr 2019/12/03 v1.5 Providing info/warning/error messages (HO)
)
Package pdftexcmds Info: \pdf@primitive is available.
Package pdftexcmds Info: \pdf@ifprimitive is available.
Package pdftexcmds Info: \pdfdraftmode found.
) (/usr/share/texlive/texmf-dist/tex/generic/kvsetkeys/kvsetkeys.sty
Package: kvsetkeys 2019/12/15 v1.18 Key value parser (HO)
) (/usr/share/texlive/texmf-dist/tex/generic/kvdefinekeys/kvdefinekeys.sty
Package: kvdefinekeys 2019-12-19 v1.6 Define keys (HO)
) (/usr/share/texlive/texmf-dist/tex/generic/pdfescape/pdfescape.sty
Package: pdfescape 2019/12/09 v1.15 Implements pdfTeX's escape features (HO)
) (/usr/share/texlive/texmf-dist/tex/latex/hycolor/hycolor.sty
Package: hycolor 2020-01-27 v1.10 Color options for hyperref/bookmark (HO)
) (/usr/share/texlive/texmf-dist/tex/latex/letltxmacro/letltxmacro.sty
Package: letltxmacro 2019/12/03 v1.6 Let assignment for LaTeX macros (HO)
) (/usr/share/texlive/texmf-dist/tex/latex/auxhook/auxhook.sty
Package: auxhook 2019-12-17 v1.6 Hooks for auxiliary files (HO)
) (/usr/share/texlive/texmf-dist/tex/latex/kvoptions/kvoptions.sty
Package: kvoptions 2020-10-07 v3.14 Key value format for package options (HO)
)
\@linkdim=\dimen142
\Hy@linkcounter=\count195
\Hy@pagecounter=\count196
 (/usr/share/texlive/texmf-dist/tex/latex/hyperref/pd1enc.def
File: pd1enc.def 2021-06-07 v7.00m Hyperref: PDFDocEncoding definition (HO)
Now handling font encoding PD1 ...
... no UTF-8 mapping file for font encoding PD1
) (/usr/share/texlive/texmf-dist/tex/latex/hyperref/hyperref-langpatches.def
File: hyperref-langpatches.def 2021-06-07 v7.00m Hyperref: patches for babel languages
) (/usr/share/texlive/texmf-dist/tex/generic/intcalc/intcalc.sty
Package: intcalc 2019/12/15 v1.3 Expandable calculations with integers (HO)
) (/usr/share/texlive/texmf-dist/tex/generic/etexcmds/etexcmds.sty
Package: etexcmds 2019/12/15 v1.7 Avoid name clashes with e-TeX commands (HO)
)
\Hy@SavedSpaceFactor=\count197
 (/usr/share/texlive/texmf-dist/tex/latex/hyperref/puenc.def
File: puenc.def 2021-06-07 v7.00m Hyperref: PDF Unicode definition (HO)
Now handling font encoding PU ...
... no UTF-8 mapping file for font encoding PU
)
Package hyperref Info: Hyper figures OFF on input line 4192.
Package hyperref Info: Link nesting OFF on input line 4197.
Package hyperref Info: Hyper index ON on input line 4200.
Package hyperref Info: Plain pages OFF on input line 4207.
Package hyperref Info: Backreferencing OFF on input line 4212.
Package hyperref Info: Implicit mode ON; LaTeX internals redefined.
Package hyperref Info: Bookmarks ON on input line 4445.
\c@Hy@tempcnt=\count198
 (/usr/share/texlive/texmf-dist/tex/latex/url/url.sty
\Urlmuskip=\muskip16
Package: url 2013/09/16  ver 3.4  Verb mode for urls, etc.
)
LaTeX Info: Redefining \url on input line 4804.
\XeTeXLinkMargin=\dimen143
 (/usr/share/texlive/texmf-dist/tex/generic/bitset/bitset.sty
Package: bitset 2019/12/09 v1.3 Handle bit-vector datatype (HO)
 (/usr/share/texlive/texmf-dist/tex/generic/bigintcalc/bigintcalc.sty
Package: bigintcalc 2019/12/15 v1.5 Expandable calculations on big integers (HO)
))
\Fld@menulength=\count199
\Field@Width=\dimen144
\Fld@charsize=\dimen145
Package hyperref Info: Hyper figures OFF on input line 6076.
Package hyperref Info: Link nesting OFF on input line 6081.
Package hyperref Info: Hyper index ON on input line 6084.
Package hyperref Info: backreferencing OFF on input line 6091.
Package hyperref Info: Link coloring OFF on input line 6096.
Package hyperref Info: Link coloring with OCG OFF on input line 6101.
Package hyperref Info: PDF/A mode OFF on input line 6106.
LaTeX Info: Redefining \ref on input line 6146.
LaTeX Info: Redefining \pageref on input line 6150.
 (/usr/share/texlive/texmf-dist/tex/latex/base/atbegshi-ltx.sty
Package: atbegshi-ltx 2021/01/10 v1.0c Emulation of the original atbegshi
package with kernel methods
)
\Hy@abspage=\count266
\c@Item=\count267
\c@Hfootnote=\count268
)
Package hyperref Info: Driver (autodetected): hpdftex.
 (/usr/share/texlive/texmf-dist/tex/latex/hyperref/hpdftex.def
File: hpdftex.def 2021-06-07 v7.00m Hyperref driver for pdfTeX
 (/usr/share/texlive/texmf-dist/tex/latex/base/atveryend-ltx.sty
Package: atveryend-ltx 2020/08/19 v1.0a Emulation of the original atveryend package
with kernel methods
)
\Fld@listcount=\count269
\c@bookmark@seq@number=\count270
 (/usr/share/texlive/texmf-dist/tex/latex/rerunfilecheck/rerunfilecheck.sty
Package: rerunfilecheck 2019/12/05 v1.9 Rerun checks for auxiliary files (HO)
 (/usr/share/texlive/texmf-dist/tex/generic/uniquecounter/uniquecounter.sty
Package: uniquecounter 2019/12/15 v1.4 Provide unlimited unique counter (HO)
)
Package uniquecounter Info: New unique counter `rerunfilecheck' on input line 286.
)
\Hy@SectionHShift=\skip49
) (/usr/share/texlive/texmf-dist/tex/latex/mathtools/mathtools.sty
Package: mathtools 2021/02/02 v1.28 mathematical typesetting tools
 (/usr/share/texlive/texmf-dist/tex/latex/tools/calc.sty
Package: calc 2017/05/25 v4.3 Infix arithmetic (KKT,FJ)
\calc@Acount=\count271
\calc@Bcount=\count272
\calc@Adimen=\dimen146
\calc@Bdimen=\dimen147
\calc@Askip=\skip50
\calc@Bskip=\skip51
LaTeX Info: Redefining \setlength on input line 80.
LaTeX Info: Redefining \addtolength on input line 81.
\calc@Ccount=\count273
\calc@Cskip=\skip52
) (/usr/share/texlive/texmf-dist/tex/latex/mathtools/mhsetup.sty
Package: mhsetup 2021/03/18 v1.4 programming setup (MH)
) (/usr/share/texlive/texmf-dist/tex/latex/amsmath/amsmath.sty
Package: amsmath 2021/10/15 v2.17l AMS math features
\@mathmargin=\skip53

For additional information on amsmath, use the `?' option.
(/usr/share/texlive/texmf-dist/tex/latex/amsmath/amstext.sty
Package: amstext 2021/08/26 v2.01 AMS text
 (/usr/share/texlive/texmf-dist/tex/latex/amsmath/amsgen.sty
File: amsgen.sty 1999/11/30 v2.0 generic functions
\@emptytoks=\toks17
\ex@=\dimen148
)) (/usr/share/texlive/texmf-dist/tex/latex/amsmath/amsbsy.sty
Package: amsbsy 1999/11/29 v1.2d Bold Symbols
\pmbraise@=\dimen149
) (/usr/share/texlive/texmf-dist/tex/latex/amsmath/amsopn.sty
Package: amsopn 2021/08/26 v2.02 operator names
)
\inf@bad=\count274
LaTeX Info: Redefining \frac on input line 234.
\uproot@=\count275
\leftroot@=\count276
LaTeX Info: Redefining \overline on input line 399.
\classnum@=\count277
\DOTSCASE@=\count278
LaTeX Info: Redefining \ldots on input line 496.
LaTeX Info: Redefining \dots on input line 499.
LaTeX Info: Redefining \cdots on input line 620.
\Mathstrutbox@=\box50
\strutbox@=\box51
\big@size=\dimen150
LaTeX Font Info:    Redeclaring font encoding OML on input line 743.
LaTeX Font Info:    Redeclaring font encoding OMS on input line 744.
\macc@depth=\count279
\c@MaxMatrixCols=\count280
\dotsspace@=\muskip17
\c@parentequation=\count281
\dspbrk@lvl=\count282
\tag@help=\toks18
\row@=\count283
\column@=\count284
\maxfields@=\count285
\andhelp@=\toks19
\eqnshift@=\dimen151
\alignsep@=\dimen152
\tagshift@=\dimen153
\tagwidth@=\dimen154
\totwidth@=\dimen155
\lineht@=\dimen156
\@envbody=\toks20
\multlinegap=\skip54
\multlinetaggap=\skip55
\mathdisplay@stack=\toks21
LaTeX Info: Redefining \[ on input line 2938.
LaTeX Info: Redefining \] on input line 2939.
)
\g_MT_multlinerow_int=\count286
\l_MT_multwidth_dim=\dimen157
\origjot=\skip56
\l_MT_shortvdotswithinadjustabove_dim=\dimen158
\l_MT_shortvdotswithinadjustbelow_dim=\dimen159
\l_MT_above_intertext_sep=\dimen160
\l_MT_below_intertext_sep=\dimen161
\l_MT_above_shortintertext_sep=\dimen162
\l_MT_below_shortintertext_sep=\dimen163
\xmathstrut@box=\box52
\xmathstrut@dim=\dimen164
) (/usr/share/texlive/texmf-dist/tex/latex/blindtext/blindtext.sty
Package: blindtext 2012/01/06 V2.0 blindtext-Package
 (/usr/share/texlive/texmf-dist/tex/latex/tools/xspace.sty
Package: xspace 2014/10/28 v1.13 Space after command names (DPC,MH)
)
\c@blindtext=\count287
\c@Blindtext=\count288
\c@blind@countparstart=\count289
\blind@countxx=\count290
\blindtext@numBlindtext=\count291
\blind@countyy=\count292
\c@blindlist=\count293
\c@blindlistlevel=\count294
\c@blindlist@level=\count295
\blind@listitem=\count296
\c@blind@listcount=\count297
\c@blind@levelcount=\count298
\blind@mathformula=\count299
\blind@Mathformula=\count300
\c@blind@randomcount=\count301
\c@blind@randommax=\count302
\c@blind@pangramcount=\count303
\c@blind@pangrammax=\count304
) (/usr/share/texlive/texmf-dist/tex/latex/subfigure/subfigure.sty
Package: subfigure 2002/03/15 v2.1.5 subfigure package
\subfigtopskip=\skip57
\subfigcapskip=\skip58
\subfigcaptopadj=\dimen165
\subfigbottomskip=\skip59
\subfigcapmargin=\dimen166
\subfiglabelskip=\skip60
\c@subfigure=\count305
\c@lofdepth=\count306
\c@subtable=\count307
\c@lotdepth=\count308

****************************************
* Local config file subfigure.cfg used *
****************************************
(/usr/share/texlive/texmf-dist/tex/latex/subfigure/subfigure.cfg)
\subfig@top=\skip61
\subfig@bottom=\skip62
) (/usr/share/texlive/texmf-dist/tex/latex/base/inputenc.sty
Package: inputenc 2021/02/14 v1.3d Input encoding file
\inpenc@prehook=\toks22
\inpenc@posthook=\toks23
) (/usr/share/texlive/texmf-dist/tex/latex/caption/caption.sty
Package: caption 2020/10/26 v3.5g Customizing captions (AR)
 (/usr/share/texlive/texmf-dist/tex/latex/caption/caption3.sty
Package: caption3 2020/10/21 v2.2e caption3 kernel (AR)
\captionmargin=\dimen167
\captionmargin@=\dimen168
\captionwidth=\dimen169
\caption@tempdima=\dimen170
\caption@indent=\dimen171
\caption@parindent=\dimen172
\caption@hangindent=\dimen173
Package caption Info: Standard document class detected.
)
\c@caption@flags=\count309
\c@continuedfloat=\count310
Package caption Info: hyperref package is loaded.
Package caption Info: subfigure package is loaded.
) (/usr/share/texlive/texmf-dist/tex/latex/caption/subcaption.sty
Package: subcaption 2020/10/07 v1.3j Sub-captions (AR)


/usr/share/texlive/texmf-dist/tex/latex/caption/subcaption.sty:62: Package subcaption Error: This package can't be used in cooperation
(subcaption)                with the subfigure package.

See the subcaption package documentation for explanation.
Type  H <return>  for immediate help.
 ...                                              
                                                  
l.62 \subcaption@CheckCompatibility
                                   
If you do not understand this error, please take a closer look
at the documentation of the `subcaption' package, especially the
section about errors.
Try typing  <return>  to proceed.
If that doesn't work, type  X <return>  to quit.

) (/usr/share/texlive/texmf-dist/tex/latex/wrapfig/wrapfig.sty
\wrapoverhang=\dimen174
\WF@size=\dimen175
\c@WF@wrappedlines=\count311
\WF@box=\box53
\WF@everypar=\toks24
Package: wrapfig 2003/01/31  v 3.6
) (/usr/share/texlive/texmf-dist/tex/latex/geometry/geometry.sty
Package: geometry 2020/01/02 v5.9 Page Geometry
 (/usr/share/texlive/texmf-dist/tex/generic/iftex/ifvtex.sty
Package: ifvtex 2019/10/25 v1.7 ifvtex legacy package. Use iftex instead.
)
\Gm@cnth=\count312
\Gm@cntv=\count313
\c@Gm@tempcnt=\count314
\Gm@bindingoffset=\dimen176
\Gm@wd@mp=\dimen177
\Gm@odd@mp=\dimen178
\Gm@even@mp=\dimen179
\Gm@layoutwidth=\dimen180
\Gm@layoutheight=\dimen181
\Gm@layouthoffset=\dimen182
\Gm@layoutvoffset=\dimen183
\Gm@dimlist=\toks25
) (/usr/share/texlive/texmf-dist/tex/latex/fancyhdr/fancyhdr.sty
Package: fancyhdr 2021/01/28 v4.0.1 Extensive control of page headers and footers
\f@nch@headwidth=\skip63
\f@nch@O@elh=\skip64
\f@nch@O@erh=\skip65
\f@nch@O@olh=\skip66
\f@nch@O@orh=\skip67
\f@nch@O@elf=\skip68
\f@nch@O@erf=\skip69
\f@nch@O@olf=\skip70
\f@nch@O@orf=\skip71
) (/usr/share/texlive/texmf-dist/tex/latex/amsfonts/amssymb.sty
Package: amssymb 2013/01/14 v3.01 AMS font symbols
 (/usr/share/texlive/texmf-dist/tex/latex/amsfonts/amsfonts.sty
Package: amsfonts 2013/01/14 v3.01 Basic AMSFonts support
\symAMSa=\mathgroup4
\symAMSb=\mathgroup5
LaTeX Font Info:    Redeclaring math symbol \hbar on input line 98.
LaTeX Font Info:    Overwriting math alphabet `\mathfrak' in version `bold'
(Font)                  U/euf/m/n --> U/euf/b/n on input line 106.
))
Package hyperref Info: Option `colorlinks' set `true' on input line 23.
 (/usr/share/texlive/texmf-dist/tex/latex/multirow/multirow.sty
Package: multirow 2021/03/15 v2.8 Span multiple rows of a table
\multirow@colwidth=\skip72
\multirow@cntb=\count315
\multirow@dima=\skip73
\bigstrutjot=\dimen184
) (/usr/share/texlive/texmf-dist/tex/latex/tools/multicol.sty
Package: multicol 2021/10/28 v1.9b multicolumn formatting (FMi)
\c@tracingmulticols=\count316
\mult@box=\box54
\multicol@leftmargin=\dimen185
\c@unbalance=\count317
\c@collectmore=\count318
\doublecol@number=\count319
\multicoltolerance=\count320
\multicolpretolerance=\count321
\full@width=\dimen186
\page@free=\dimen187
\premulticols=\dimen188
\postmulticols=\dimen189
\multicolsep=\skip74
\multicolbaselineskip=\skip75
\partial@page=\box55
\last@line=\box56
\maxbalancingoverflow=\dimen190
\mult@rightbox=\box57
\mult@grightbox=\box58
\mult@firstbox=\box59
\mult@gfirstbox=\box60
\@tempa=\box61
\@tempa=\box62
\@tempa=\box63
\@tempa=\box64
\@tempa=\box65
\@tempa=\box66
\@tempa=\box67
\@tempa=\box68
\@tempa=\box69
\@tempa=\box70
\@tempa=\box71
\@tempa=\box72
\@tempa=\box73
\@tempa=\box74
\@tempa=\box75
\@tempa=\box76
\@tempa=\box77
\@tempa=\box78
\@tempa=\box79
\@tempa=\box80
\@tempa=\box81
\@tempa=\box82
\@tempa=\box83
\@tempa=\box84
\@tempa=\box85
\@tempa=\box86
\@tempa=\box87
\@tempa=\box88
\@tempa=\box89
\@tempa=\box90
\@tempa=\box91
\@tempa=\box92
\@tempa=\box93
\@tempa=\box94
\@tempa=\box95
\@tempa=\box96
\c@minrows=\count322
\c@columnbadness=\count323
\c@finalcolumnbadness=\count324
\last@try=\dimen191
\multicolovershoot=\dimen192
\multicolundershoot=\dimen193
\mult@nat@firstbox=\box97
\colbreak@box=\box98
\mc@col@check@num=\count325
) (/usr/share/texlive/texmf-dist/tex/latex/graphics/rotating.sty
Package: rotating 2016/08/11 v2.16d rotated objects in LaTeX
 (/usr/share/texlive/texmf-dist/tex/latex/base/ifthen.sty
Package: ifthen 2020/11/24 v1.1c Standard LaTeX ifthen package (DPC)
)
\c@r@tfl@t=\count326
\rotFPtop=\skip76
\rotFPbot=\skip77
\rot@float@box=\box99
\rot@mess@toks=\toks26
) (/usr/share/texlive/texmf-dist/tex/latex/titlesec/titlesec.sty
Package: titlesec 2021/07/05 v2.14 Sectioning titles
\ttl@box=\box100
\beforetitleunit=\skip78
\aftertitleunit=\skip79
\ttl@plus=\dimen194
\ttl@minus=\dimen195
\ttl@toksa=\toks27
\titlewidth=\dimen196
\titlewidthlast=\dimen197
\titlewidthfirst=\dimen198
)

Package fancyhdr Warning: \fancyhead's `E' option without twoside option is useless on input line 43.


Package fancyhdr Warning: \fancyhead's `E' option without twoside option is useless on input line 44.


Package fancyhdr Warning: \fancyfoot's `E' option without twoside option is useless on input line 45.


Package fancyhdr Warning: \fancyfoot's `E' option without twoside option is useless on input line 46.

(/usr/share/texlive/texmf-dist/tex/latex/l3backend/l3backend-pdftex.def
File: l3backend-pdftex.def 2022-01-12 L3 backend support: PDF output (pdfTeX)
\l__color_backend_stack_int=\count327
\l__pdf_internal_box=\box101
)

LaTeX Warning: Unused global option(s):
    [twosides,openany].

(./practica_Ia.aux)
\openout1 = `practica_Ia.aux'.

LaTeX Font Info:    Checking defaults for OML/cmm/m/it on input line 49.
LaTeX Font Info:    ... okay on input line 49.
LaTeX Font Info:    Checking defaults for OMS/cmsy/m/n on input line 49.
LaTeX Font Info:    ... okay on input line 49.
LaTeX Font Info:    Checking defaults for OT1/cmr/m/n on input line 49.
LaTeX Font Info:    ... okay on input line 49.
LaTeX Font Info:    Checking defaults for T1/cmr/m/n on input line 49.
LaTeX Font Info:    ... okay on input line 49.
LaTeX Font Info:    Checking defaults for TS1/cmr/m/n on input line 49.
LaTeX Font Info:    ... okay on input line 49.
LaTeX Font Info:    Checking defaults for OMX/cmex/m/n on input line 49.
LaTeX Font Info:    ... okay on input line 49.
LaTeX Font Info:    Checking defaults for U/cmr/m/n on input line 49.
LaTeX Font Info:    ... okay on input line 49.
LaTeX Font Info:    Checking defaults for PD1/pdf/m/n on input line 49.
LaTeX Font Info:    ... okay on input line 49.
LaTeX Font Info:    Checking defaults for PU/pdf/m/n on input line 49.
LaTeX Font Info:    ... okay on input line 49.
 (/usr/share/texlive/texmf-dist/tex/context/base/mkii/supp-pdf.mkii
[Loading MPS to PDF converter (version 2006.09.02).]
\scratchcounter=\count328
\scratchdimen=\dimen199
\scratchbox=\box102
\nofMPsegments=\count329
\nofMParguments=\count330
\everyMPshowfont=\toks28
\MPscratchCnt=\count331
\MPscratchDim=\dimen256
\MPnumerator=\count332
\makeMPintoPDFobject=\count333
\everyMPtoPDFconversion=\toks29
) (/usr/share/texlive/texmf-dist/tex/latex/epstopdf-pkg/epstopdf-base.sty
Package: epstopdf-base 2020-01-24 v2.11 Base part for package epstopdf
Package epstopdf-base Info: Redefining graphics rule for `.eps' on input line 485.
 (/usr/share/texlive/texmf-dist/tex/latex/latexconfig/epstopdf-sys.cfg
File: epstopdf-sys.cfg 2010/07/13 v1.3 Configuration of (r)epstopdf for TeX Live
)) (/usr/share/texlive/texmf-dist/tex/latex/graphics/color.sty
Package: color 2021/12/07 v1.3c Standard LaTeX Color (DPC)
 (/usr/share/texlive/texmf-dist/tex/latex/graphics-cfg/color.cfg
File: color.cfg 2016/01/02 v1.6 sample color configuration
)
Package color Info: Driver file: pdftex.def on input line 149.
)
Package hyperref Info: Link coloring ON on input line 49.
 (/usr/share/texlive/texmf-dist/tex/latex/hyperref/nameref.sty
Package: nameref 2021-04-02 v2.47 Cross-referencing by name of section
 (/usr/share/texlive/texmf-dist/tex/latex/refcount/refcount.sty
Package: refcount 2019/12/15 v3.6 Data extraction from label references (HO)
) (/usr/share/texlive/texmf-dist/tex/generic/gettitlestring/gettitlestring.sty
Package: gettitlestring 2019/12/15 v1.6 Cleanup title references (HO)
)
\c@section@level=\count334
)
LaTeX Info: Redefining \ref on input line 49.
LaTeX Info: Redefining \pageref on input line 49.
LaTeX Info: Redefining \nameref on input line 49.
\@outlinefile=\write3
\openout3 = `practica_Ia.out'.

Package caption Info: Begin \AtBeginDocument code.
Package caption Info: rotating package is loaded.
Package caption Info: wrapfig package is loaded.
Package caption Info: End \AtBeginDocument code.

*geometry* driver: auto-detecting
*geometry* detected driver: pdftex
*geometry* verbose mode - [ preamble ] result:
* driver: pdftex
* paper: a4paper
* layout: <same size as paper>
* layoutoffset:(h,v)=(0.0pt,0.0pt)
* modes: 
* h-part:(L,W,R)=(71.13188pt, 455.24411pt, 71.13188pt)
* v-part:(T,H,B)=(71.13188pt, 702.78308pt, 71.13188pt)
* \paperwidth=597.50787pt
* \paperheight=845.04684pt
* \textwidth=455.24411pt
* \textheight=702.78308pt
* \oddsidemargin=-1.1381pt
* \evensidemargin=-1.1381pt
* \topmargin=-38.1381pt
* \headheight=12.0pt
* \headsep=25.0pt
* \topskip=12.0pt
* \footskip=30.0pt
* \marginparwidth=44.0pt
* \marginparsep=10.0pt
* \columnsep=10.0pt
* \skip\footins=10.8pt plus 4.0pt minus 2.0pt
* \hoffset=0.0pt
* \voffset=0.0pt
* \mag=1000
* \@twocolumnfalse
* \@twosidefalse
* \@mparswitchfalse
* \@reversemarginfalse
* (1in=72.27pt=25.4mm, 1cm=28.453pt)


LaTeX Font Warning: Font shape `TS1/cmr/m/sc' undefined
(Font)              using `TS1/cmr/m/n' instead
(Font)              for symbol `textperiodcentered' on input line 52.

LaTeX Font Info:    Trying to load font information for U+msa on input line 56.
(/usr/share/texlive/texmf-dist/tex/latex/amsfonts/umsa.fd
File: umsa.fd 2013/01/14 v3.01 AMS symbols A
)
LaTeX Font Info:    Trying to load font information for U+msb on input line 56.
 (/usr/share/texlive/texmf-dist/tex/latex/amsfonts/umsb.fd
File: umsb.fd 2013/01/14 v3.01 AMS symbols B
)

LaTeX Font Warning: Font shape `OT1/cmr/m/scit' undefined
(Font)              using `OT1/cmr/m/it' instead on input line 61.


Underfull \hbox (badness 10000) in paragraph at lines 67--69

 []


Underfull \hbox (badness 10000) in paragraph at lines 67--69
\OT1/cmr/m/n/12 La conducci^^So d'una placa d'espesor
 []


Underfull \hbox (badness 10000) in paragraph at lines 71--74

 []


Underfull \hbox (badness 10000) in paragraph at lines 76--79

 []


Underfull \hbox (badness 6016) in paragraph at lines 76--79
\OT1/cmr/m/n/12 necessitat de cap material, nom^^Ses a
 []


Underfull \hbox (badness 10000) in paragraph at lines 81--84

 []


LaTeX Warning: Reference `EDP' on page 1 undefined on input line 87.


Underfull \hbox (badness 10000) in paragraph at lines 86--88

 []


Package fancyhdr Warning: \headheight is too small (12.0pt): 
(fancyhdr)                Make it at least 14.49998pt, for example:
(fancyhdr)                \setlength{\headheight}{14.49998pt}.
(fancyhdr)                You might also make \topmargin smaller to compensate:
(fancyhdr)                \addtolength{\topmargin}{-2.49998pt}.

[1{/var/lib/texmf/fonts/map/pdftex/updmap/pdftex.map}

]

LaTeX Warning: Citation `guia_lab' on page 2 undefined on input line 116.


Underfull \hbox (badness 10000) in paragraph at lines 115--118

 []


Underfull \hbox (badness 10000) in paragraph at lines 115--118
\OT1/cmr/m/n/12 El sistema permanent consisteix de
 []


LaTeX Warning: Reference `Tau:diam_radis' on page 2 undefined on input line 120.


Underfull \hbox (badness 5388) in paragraph at lines 120--121
\OT1/cmr/m/n/12 Segons el desenvolupament te^^Roric que
 []


Package caption Warning: The option `hypcap=true' will be ignored for this
(caption)                particular \caption on input line 123.
See the caption package documentation for explanation.


LaTeX Warning: Reference `T_ambient' on page 2 undefined on input line 133.


Underfull \hbox (badness 6808) in paragraph at lines 133--134
\OT1/cmr/m/n/12 temperatura ambient de refer^^Rencia la
 []


Underfull \hbox (badness 10000) in paragraph at lines 133--134

 []


Underfull \hbox (badness 10000) in paragraph at lines 133--134

 []


Package fancyhdr Warning: \headheight is too small (12.0pt): 
(fancyhdr)                Make it at least 14.49998pt, for example:
(fancyhdr)                \setlength{\headheight}{14.49998pt}.
(fancyhdr)                You might also make \topmargin smaller to compensate:
(fancyhdr)                \addtolength{\topmargin}{-2.49998pt}.

[2]

LaTeX Warning: Reference `DeltaT_vs_d' on page 3 undefined on input line 135.


LaTeX Warning: Reference `DeltaT_vs_d' on page 3 undefined on input line 135.


LaTeX Warning: Reference `Tau:coef_exponencial' on page 3 undefined on input line 135.


Package caption Warning: The option `hypcap=true' will be ignored for this
(caption)                particular \caption on input line 138.
See the caption package documentation for explanation.


Overfull \hbox (4.62906pt too wide) in paragraph at lines 139--147
 [][] 
 []

<../../graphs/practica_Ia/plots/theta_vs_d_estacionaria.png, id=42, 578.16pt x 433.62pt>
File: ../../graphs/practica_Ia/plots/theta_vs_d_estacionaria.png Graphic file (type png)
<use ../../graphs/practica_Ia/plots/theta_vs_d_estacionaria.png>
Package pdftex.def Info: ../../graphs/practica_Ia/plots/theta_vs_d_estacionaria.png  used on input line 151.
(pdftex.def)             Requested size: 222.62206pt x 166.96075pt.

Package caption Warning: The option `hypcap=true' will be ignored for this
(caption)                particular \caption on input line 152.
See the caption package documentation for explanation.


LaTeX Warning: Reference `prom_temp' on page 3 undefined on input line 155.


LaTeX Warning: Reference `lnDeltaT_vs_d' on page 3 undefined on input line 155.


LaTeX Warning: Reference `Tau:dades_regressio' on page 3 undefined on input line 155.


Package caption Warning: The option `hypcap=true' will be ignored for this
(caption)                particular \caption on input line 158.
See the caption package documentation for explanation.


Overfull \hbox (11.4641pt too wide) in paragraph at lines 159--167
 [][] 
 []

<../../graphs/practica_Ia/plots/reg_estacionaria.png, id=44, 578.16pt x 433.62pt>
File: ../../graphs/practica_Ia/plots/reg_estacionaria.png Graphic file (type png)
<use ../../graphs/practica_Ia/plots/reg_estacionaria.png>
Package pdftex.def Info: ../../graphs/practica_Ia/plots/reg_estacionaria.png  used on input line 171.
(pdftex.def)             Requested size: 222.62206pt x 166.96075pt.

Package caption Warning: The option `hypcap=true' will be ignored for this
(caption)                particular \caption on input line 172.
See the caption package documentation for explanation.


LaTeX Warning: Reference `sol_estacionaria' on page 3 undefined on input line 174.


LaTeX Warning: Reference `Tau:dades_regressio' on page 3 undefined on input line 174.


LaTeX Warning: Citation `CRC' on page 3 undefined on input line 182.


Package fancyhdr Warning: \headheight is too small (12.0pt): 
(fancyhdr)                Make it at least 14.49998pt, for example:
(fancyhdr)                \setlength{\headheight}{14.49998pt}.
(fancyhdr)                You might also make \topmargin smaller to compensate:
(fancyhdr)                \addtolength{\topmargin}{-2.49998pt}.

[3 <../../graphs/practica_Ia/plots/theta_vs_d_estacionaria.png> <../../graphs/practica_Ia/plots/reg_estacionaria.png>]

LaTeX Warning: Reference `Tau:conductivitats_termiques_Fe' on page 4 undefined on input line 186.


Underfull \hbox (badness 10000) in paragraph at lines 185--187
\OT1/cmr/m/n/12 Fent servir les relacions anteriors i
 []


Package caption Warning: The option `hypcap=true' will be ignored for this
(caption)                particular \caption on input line 189.
See the caption package documentation for explanation.


LaTeX Warning: Citation `CRC' on page 4 undefined on input line 189.


LaTeX Warning: Citation `Young' on page 4 undefined on input line 189.


LaTeX Warning: Citation `CRC' on page 4 undefined on input line 189.


LaTeX Warning: Citation `Young' on page 4 undefined on input line 189.


Overfull \hbox (7.17528pt too wide) in paragraph at lines 190--197
 [][] 
 []


LaTeX Warning: Reference `Tau:conductivitats_termiques_Al' on page 4 undefined on input line 198.


Package caption Warning: The option `hypcap=true' will be ignored for this
(caption)                particular \caption on input line 201.
See the caption package documentation for explanation.


LaTeX Warning: Citation `CRC' on page 4 undefined on input line 201.


LaTeX Warning: Citation `Young' on page 4 undefined on input line 201.


LaTeX Warning: Citation `CRC' on page 4 undefined on input line 201.


LaTeX Warning: Citation `Young' on page 4 undefined on input line 201.


Overfull \hbox (7.17528pt too wide) in paragraph at lines 202--209
 [][] 
 []


LaTeX Warning: Citation `Ausloos' on page 4 undefined on input line 210.


LaTeX Warning: Reference `Fourier' on page 4 undefined on input line 212.


LaTeX Warning: Reference `Newton' on page 4 undefined on input line 212.


LaTeX Warning: Reference `Stefan-Boltzmann' on page 4 undefined on input line 212.


Underfull \hbox (badness 10000) in paragraph at lines 210--213

 []


Underfull \hbox (badness 10000) in paragraph at lines 210--213

 []


Underfull \hbox (badness 5578) in paragraph at lines 210--213
\OT1/cmr/m/n/12 radiaci^^So. Comparem les aportacions
 []


LaTeX Warning: Reference `tau:comp_potencies' on page 4 undefined on input line 224.


Package caption Warning: The option `hypcap=true' will be ignored for this
(caption)                particular \caption on input line 227.
See the caption package documentation for explanation.


Package fancyhdr Warning: \headheight is too small (12.0pt): 
(fancyhdr)                Make it at least 14.49998pt, for example:
(fancyhdr)                \setlength{\headheight}{14.49998pt}.
(fancyhdr)                You might also make \topmargin smaller to compensate:
(fancyhdr)                \addtolength{\topmargin}{-2.49998pt}.

[4]

LaTeX Warning: Reference `fig:T_vs_t_gran' on page 5 undefined on input line 238.


LaTeX Warning: Reference `fig:T_vs_t_petita' on page 5 undefined on input line 238.


Underfull \hbox (badness 10000) in paragraph at lines 238--239
\OT1/cmr/m/n/12 A partir de les dades obtingudes
 []

<../../graphs/practica_Ia/plots/gran.png, id=68, 578.16pt x 433.62pt>
File: ../../graphs/practica_Ia/plots/gran.png Graphic file (type png)
<use ../../graphs/practica_Ia/plots/gran.png>
Package pdftex.def Info: ../../graphs/practica_Ia/plots/gran.png  used on input line 241.
(pdftex.def)             Requested size: 222.62206pt x 166.96075pt.

Package caption Warning: The option `hypcap=true' will be ignored for this
(caption)                particular \caption on input line 242.
See the caption package documentation for explanation.

<../../graphs/practica_Ia/plots/petita.png, id=69, 578.16pt x 433.62pt>
File: ../../graphs/practica_Ia/plots/petita.png Graphic file (type png)
<use ../../graphs/practica_Ia/plots/petita.png>
Package pdftex.def Info: ../../graphs/practica_Ia/plots/petita.png  used on input line 247.
(pdftex.def)             Requested size: 222.62206pt x 166.96075pt.

Package caption Warning: The option `hypcap=true' will be ignored for this
(caption)                particular \caption on input line 248.
See the caption package documentation for explanation.


LaTeX Warning: Reference `sol_permanent' on page 5 undefined on input line 251.


LaTeX Warning: Reference `fig:T_vs_t_gran' on page 5 undefined on input line 251.


LaTeX Warning: Reference `fig:T_vs_t_petita' on page 5 undefined on input line 251.


LaTeX Warning: Reference `Tau:mitjanes' on page 5 undefined on input line 252.


Underfull \hbox (badness 10000) in paragraph at lines 251--253
[]\OT1/cmr/m/n/12 Notem com l'evoluci^^So temporal
 []


Underfull \hbox (badness 10000) in paragraph at lines 251--253

 []


Package caption Warning: The option `hypcap=true' will be ignored for this
(caption)                particular \caption on input line 255.
See the caption package documentation for explanation.


LaTeX Warning: Reference `prom_temp' on page 5 undefined on input line 270.


LaTeX Warning: Reference `tau:pendent_mitjana' on page 5 undefined on input line 270.


LaTeX Warning: Reference `fig:lin_reg' on page 5 undefined on input line 270.


Package fancyhdr Warning: \headheight is too small (12.0pt): 
(fancyhdr)                Make it at least 14.49998pt, for example:
(fancyhdr)                \setlength{\headheight}{14.49998pt}.
(fancyhdr)                You might also make \topmargin smaller to compensate:
(fancyhdr)                \addtolength{\topmargin}{-2.49998pt}.

[5 <../../graphs/practica_Ia/plots/gran.png> <../../graphs/practica_Ia/plots/petita.png>]

Package caption Warning: The option `hypcap=true' will be ignored for this
(caption)                particular \caption on input line 273.
See the caption package documentation for explanation.

<../../graphs/practica_Ia/plots/linear_reg.png, id=80, 578.16pt x 433.62pt>
File: ../../graphs/practica_Ia/plots/linear_reg.png Graphic file (type png)
<use ../../graphs/practica_Ia/plots/linear_reg.png>
Package pdftex.def Info: ../../graphs/practica_Ia/plots/linear_reg.png  used on input line 283.
(pdftex.def)             Requested size: 222.62206pt x 166.96075pt.

Package caption Warning: The option `hypcap=true' will be ignored for this
(caption)                particular \caption on input line 284.
See the caption package documentation for explanation.


LaTeX Warning: Reference `fig:T_vs_t_gran_norm' on page 6 undefined on input line 287.


LaTeX Warning: Reference `fig:T_vs_t_petita_norm' on page 6 undefined on input line 287.


Underfull \hbox (badness 5637) in paragraph at lines 287--288
\OT1/cmr/m/n/12 a cada punt, podem normalitzar les
 []


Underfull \hbox (badness 10000) in paragraph at lines 287--288
\OT1/cmr/m/n/12 dades experimentals dividint per la
 []

<../../graphs/practica_Ia/plots/gran_norm.png, id=81, 578.16pt x 433.62pt>
File: ../../graphs/practica_Ia/plots/gran_norm.png Graphic file (type png)
<use ../../graphs/practica_Ia/plots/gran_norm.png>
Package pdftex.def Info: ../../graphs/practica_Ia/plots/gran_norm.png  used on input line 290.
(pdftex.def)             Requested size: 222.62206pt x 166.96075pt.

Package caption Warning: The option `hypcap=true' will be ignored for this
(caption)                particular \caption on input line 291.
See the caption package documentation for explanation.

<../../graphs/practica_Ia/plots/petit_norm.png, id=82, 578.16pt x 433.62pt>
File: ../../graphs/practica_Ia/plots/petit_norm.png Graphic file (type png)
<use ../../graphs/practica_Ia/plots/petit_norm.png>
Package pdftex.def Info: ../../graphs/practica_Ia/plots/petit_norm.png  used on input line 296.
(pdftex.def)             Requested size: 222.62206pt x 166.96075pt.

Package caption Warning: The option `hypcap=true' will be ignored for this
(caption)                particular \caption on input line 297.
See the caption package documentation for explanation.


LaTeX Warning: Reference `desfasament' on page 6 undefined on input line 300.


LaTeX Warning: Reference `tau:amplituds_mitjanes_gran' on page 6 undefined on input line 301.


LaTeX Warning: Reference `tau:amplituds_mitjanes_petita' on page 6 undefined on input line 301.


Underfull \hbox (badness 10000) in paragraph at lines 300--302
[]\OT1/cmr/m/n/12 Es pot obeservar com existeix
 []


Underfull \hbox (badness 10000) in paragraph at lines 300--302

 []


Package caption Warning: The option `hypcap=true' will be ignored for this
(caption)                particular \caption on input line 304.
See the caption package documentation for explanation.


Package caption Warning: The option `hypcap=true' will be ignored for this
(caption)                particular \caption on input line 315.
See the caption package documentation for explanation.


Package fancyhdr Warning: \headheight is too small (12.0pt): 
(fancyhdr)                Make it at least 14.49998pt, for example:
(fancyhdr)                \setlength{\headheight}{14.49998pt}.
(fancyhdr)                You might also make \topmargin smaller to compensate:
(fancyhdr)                \addtolength{\topmargin}{-2.49998pt}.

[6 <../../graphs/practica_Ia/plots/linear_reg.png> <../../graphs/practica_Ia/plots/gran_norm.png> <../../graphs/practica_Ia/plots/petit_norm.png>]

LaTeX Warning: Reference `Tau:mitjanes' on page 7 undefined on input line 324.


LaTeX Warning: Reference `fig:reg_lin_amplituds' on page 7 undefined on input line 324.


LaTeX Warning: Reference `tau:pendent_amplituds' on page 7 undefined on input line 324.


Package caption Warning: The option `hypcap=true' will be ignored for this
(caption)                particular \caption on input line 327.
See the caption package documentation for explanation.


Overfull \hbox (4.28778pt too wide) in paragraph at lines 328--334
 [][] 
 []

<../../graphs/practica_Ia/plots/reg_ampli.png, id=94, 578.16pt x 433.62pt>
File: ../../graphs/practica_Ia/plots/reg_ampli.png Graphic file (type png)
<use ../../graphs/practica_Ia/plots/reg_ampli.png>
Package pdftex.def Info: ../../graphs/practica_Ia/plots/reg_ampli.png  used on input line 337.
(pdftex.def)             Requested size: 222.62206pt x 166.96075pt.

Package caption Warning: The option `hypcap=true' will be ignored for this
(caption)                particular \caption on input line 338.
See the caption package documentation for explanation.


LaTeX Warning: Reference `trobar_m' on page 7 undefined on input line 342.


Underfull \hbox (badness 10000) in paragraph at lines 341--343
\OT1/cmr/m/n/12 espaialment, decauen i pateixen un
 []


Underfull \hbox (badness 10000) in paragraph at lines 341--343

 []


LaTeX Warning: Reference `tau:pendent_amplituds' on page 7 undefined on input line 351.


Underfull \hbox (badness 10000) in paragraph at lines 349--353

 []


Underfull \hbox (badness 10000) in paragraph at lines 349--353

 []


LaTeX Warning: Reference `increment_desfasament' on page 7 undefined on input line 360.


Package fancyhdr Warning: \headheight is too small (12.0pt): 
(fancyhdr)                Make it at least 14.49998pt, for example:
(fancyhdr)                \setlength{\headheight}{14.49998pt}.
(fancyhdr)                You might also make \topmargin smaller to compensate:
(fancyhdr)                \addtolength{\topmargin}{-2.49998pt}.

[7 <../../graphs/practica_Ia/plots/reg_ampli.png>]

LaTeX Warning: Reference `valor_lambda' on page 8 undefined on input line 369.


Underfull \hbox (badness 10000) in paragraph at lines 367--370

 []


LaTeX Warning: Reference `lambdas_alum_est' on page 8 undefined on input line 383.


Package caption Warning: The option `hypcap=true' will be ignored for this
(caption)                particular \caption on input line 386.
See the caption package documentation for explanation.


Underfull \hbox (badness 10000) in paragraph at lines 394--397

 []


Underfull \hbox (badness 10000) in paragraph at lines 394--397
\OT1/cmr/m/n/12 Per al primer sistema trobem una
 []


Underfull \hbox (badness 10000) in paragraph at lines 394--397
\OT1/cmr/m/n/12 experimentals hem observat com el
 []


Underfull \hbox (badness 5388) in paragraph at lines 394--397
\OT1/cmr/m/n/12 conducci^^So t^^Rermica dels materials amb
 []


Underfull \hbox (badness 10000) in paragraph at lines 394--397

 []


Underfull \hbox (badness 10000) in paragraph at lines 394--397
\OT1/cmr/m/n/12 Per al seg^^Son sistema trobem una
 []


Package fancyhdr Warning: \headheight is too small (12.0pt): 
(fancyhdr)                Make it at least 14.49998pt, for example:
(fancyhdr)                \setlength{\headheight}{14.49998pt}.
(fancyhdr)                You might also make \topmargin smaller to compensate:
(fancyhdr)                \addtolength{\topmargin}{-2.49998pt}.

[8]
Underfull \hbox (badness 10000) in paragraph at lines 402--405

 []


Underfull \hbox (badness 7907) in paragraph at lines 402--405
\OT1/cmr/m/n/12 derivades de les variables mesurades,
 []


Underfull \hbox (badness 10000) in paragraph at lines 407--410

 []


Package caption Warning: The option `hypcap=true' will be ignored for this
(caption)                particular \caption on input line 414.
See the caption package documentation for explanation.


Package caption Warning: The option `hypcap=true' will be ignored for this
(caption)                particular \caption on input line 433.
See the caption package documentation for explanation.


Package caption Warning: The option `hypcap=true' will be ignored for this
(caption)                particular \caption on input line 452.
See the caption package documentation for explanation.


Package caption Warning: The option `hypcap=true' will be ignored for this
(caption)                particular \caption on input line 471.
See the caption package documentation for explanation.


Package caption Warning: The option `hypcap=true' will be ignored for this
(caption)                particular \caption on input line 481.
See the caption package documentation for explanation.


Package fancyhdr Warning: \headheight is too small (12.0pt): 
(fancyhdr)                Make it at least 14.49998pt, for example:
(fancyhdr)                \setlength{\headheight}{14.49998pt}.
(fancyhdr)                You might also make \topmargin smaller to compensate:
(fancyhdr)                \addtolength{\topmargin}{-2.49998pt}.

[9]

Package caption Warning: The option `hypcap=true' will be ignored for this
(caption)                particular \caption on input line 492.
See the caption package documentation for explanation.


Package caption Warning: The option `hypcap=true' will be ignored for this
(caption)                particular \caption on input line 507.
See the caption package documentation for explanation.


Package caption Warning: The option `hypcap=true' will be ignored for this
(caption)                particular \caption on input line 517.
See the caption package documentation for explanation.


Package caption Warning: The option `hypcap=true' will be ignored for this
(caption)                particular \caption on input line 527.
See the caption package documentation for explanation.


Package caption Warning: The option `hypcap=true' will be ignored for this
(caption)                particular \caption on input line 537.
See the caption package documentation for explanation.

(./practica_Ia.bbl)

Package fancyhdr Warning: \headheight is too small (12.0pt): 
(fancyhdr)                Make it at least 14.49998pt, for example:
(fancyhdr)                \setlength{\headheight}{14.49998pt}.
(fancyhdr)                You might also make \topmargin smaller to compensate:
(fancyhdr)                \addtolength{\topmargin}{-2.49998pt}.

[10] (./practica_Ia.aux)

LaTeX Font Warning: Some font shapes were not available, defaults substituted.


LaTeX Warning: There were undefined references.


LaTeX Warning: Label(s) may have changed. Rerun to get cross-references right.


Package rerunfilecheck Warning: File `practica_Ia.out' has changed.
(rerunfilecheck)                Rerun to get outlines right
(rerunfilecheck)                or use package `bookmark'.

Package rerunfilecheck Info: Checksums for `practica_Ia.out':
(rerunfilecheck)             Before: <no file>
(rerunfilecheck)             After:  915F430606A3362D8501CCAE3C596232;1083.
 ) 
Here is how much of TeX's memory you used:
 14254 strings out of 480247
 232316 string characters out of 5896150
 555765 words of memory out of 5000000
 31918 multiletter control sequences out of 15000+600000
 479252 words of font info for 66 fonts, out of 8000000 for 9000
 14 hyphenation exceptions out of 8191
 68i,13n,76p,1178b,596s stack positions out of 5000i,500n,10000p,200000b,80000s
 </home/efesic/.texlive2021/texmf-var/fonts/pk/ljfour/jknappen/ec/tcrm1000.600pk> </home/efesic/.texlive2021/texmf-var/fonts/pk/ljfour/jknappen/ec/tcrm1200.600pk> </home/efesic/.texlive2021/texmf-var/fonts/pk/ljfour/jknappen/ec/tcrm1728.600pk></usr/share/texlive/texmf-dist/fonts/type1/public/amsfonts/cm/cmbx10.pfb></usr/share/texlive/texmf-dist/fonts/type1/public/amsfonts/cm/cmbx12.pfb></usr/share/texlive/texmf-dist/fonts/type1/public/amsfonts/cm/cmcsc10.pfb></usr/share/texlive/texmf-dist/fonts/type1/public/amsfonts/cm/cmex10.pfb></usr/share/texlive/texmf-dist/fonts/type1/public/amsfonts/cm/cmmi10.pfb></usr/share/texlive/texmf-dist/fonts/type1/public/amsfonts/cm/cmmi12.pfb></usr/share/texlive/texmf-dist/fonts/type1/public/amsfonts/cm/cmmi6.pfb></usr/share/texlive/texmf-dist/fonts/type1/public/amsfonts/cm/cmmi7.pfb></usr/share/texlive/texmf-dist/fonts/type1/public/amsfonts/cm/cmmi8.pfb></usr/share/texlive/texmf-dist/fonts/type1/public/amsfonts/cm/cmr10.pfb></usr/share/texlive/texmf-dist/fonts/type1/public/amsfonts/cm/cmr12.pfb></usr/share/texlive/texmf-dist/fonts/type1/public/amsfonts/cm/cmr7.pfb></usr/share/texlive/texmf-dist/fonts/type1/public/amsfonts/cm/cmr8.pfb></usr/share/texlive/texmf-dist/fonts/type1/public/amsfonts/cm/cmsy10.pfb></usr/share/texlive/texmf-dist/fonts/type1/public/amsfonts/cm/cmsy8.pfb></usr/share/texlive/texmf-dist/fonts/type1/public/amsfonts/cm/cmti12.pfb></usr/share/texlive/texmf-dist/fonts/type1/public/amsfonts/cm/cmtt12.pfb></usr/share/texlive/texmf-dist/fonts/type1/public/amsfonts/symbols/msbm10.pfb>
Output written on practica_Ia.pdf (10 pages, 1369865 bytes).
PDF statistics:
 242 PDF objects out of 1000 (max. 8388607)
 173 compressed objects within 2 object streams
 65 named destinations out of 1000 (max. 500000)
 41 words of extra memory for PDF output out of 10000 (max. 10000000)

